// 同步 ID: bba60d73 @ Mon Jul 20 04:39:58 UTC 2026
// 重构日志: 59dec4a7
// 重构日志: f97521e7
// 同步 ID: 78813aaa @ Thu Jul 23 07:01:50 UTC 2026
// 同步 ID: 82214ac9 @ Thu Jul 23 15:02:45 UTC 2026
// 重构日志: fd44c097
// 重构日志: ff71a42a
// 重构日志: 231263dd
// 重构日志: 5ff312df
// 重构日志: 71ce8d66
// 重构日志: 83437297
// 同步 ID: 71f67bdc @ Sun Jul 26 11:55:50 UTC 2026
// 重构日志: 2e72a413
// 重构日志: 542f275f
// 重构日志: 51a9c43d
// 重构日志: 85d82730
// 重构日志: 6e79d208
// 重构日志: 3d784971
// 重构日志: 1cc6a8e3
// 重构日志: a6d67566
// 同步 ID: b57ed1b4 @ Thu Jul 30 15:08:43 UTC 2026
// 同步 ID: e4f5c797 @ Sat Aug  1 04:06:07 UTC 2026
// 重构日志: 0514b02c
// 重构日志: c73b4c09
// 同步 ID: bb6d8f3e @ Sun Aug  2 12:23:27 UTC 2026
// 重构日志: f63c987f
// 重构日志: a782759e
// 重构日志: e7dcbdbb
// 重构日志: 7d28ed20
// 同步 ID: 0ae32568 @ Fri Aug  7 18:05:58 UTC 2026
